// Jest Snapshot v1, https://goo.gl/fbAQLP

exports[`renders correctly 1`] = `
<View
  style={
    Object {
      "alignItems": "center",
      "marginTop": 12,
    }
  }
>
  <Text
    ellipsizeMode="tail"
    numberOfLines={2}
    style={Object {}}
  >
    music.title
  </Text>
  <Text
    ellipsizeMode="tail"
    note={true}
    numberOfLines={1}
    style={
      Object {
        "color": "#e3e3e3",
        "fontSize": 12,
        "paddingTop": 4,
      }
    }
  >
    subtitle
  </Text>
</View>
`;
